[cubarentacaronline.com/indexe2f0.html]
[backblue.gif]
[fade.gif]
[index.html]
[cubarentacaronline.com/ese2f0.html]
[cubarentacaronline.com/en.html]
[cubarentacaronline.com/en/cars.html]
[cubarentacaronline.com/en/carsa19d.html]
[cubarentacaronline.com/en/carse7ea.html]
[cubarentacaronline.com/en/carsb455.html]
[cubarentacaronline.com/en/cars42eb.html]
[cubarentacaronline.com/en/contact.html]
[cubarentacaronline.com/en/about-us.html]
[cubarentacaronline.com/en/rental-details.html]
[cubarentacaronline.com/en/sign-in.html]
[cubarentacaronline.com/en/sign-up.html]
[static.cubarentacaronline.com/img/home-carousel-1_EN.jpg]
[static.cubarentacaronline.com/img/home-carousel-2_EN.jpg]
[static.cubarentacaronline.com/img/about-1.jpg]
[static.cubarentacaronline.com/img/about-2.jpg]
[cubarentacaronline.com/en/car-details583d.html]
[cdn.cegstravel.es/global/img/cars/mg-3/A51BBDC8.jpg]
[cubarentacaronline.com/en/car-details0580.html]
[cdn.cegstravel.es/global/img/cars/hyundai-i10/CD68CCD8.jpg]
[cubarentacaronline.com/en/car-details4412.html]
[cdn.cegstravel.es/global/img/cars/dongfeng-aeolus-yixuan-manual/ACDE0D68.jpg]
[static.cubarentacaronline.com/img/about-3.jpg]
[cubarentacaronline.com/cars/get_min_rental_days.html]
[cubarentacaronline.com/en/terms-conditions.html]
[cubarentacaronline.com/en/answered-questions.html]
[cubarentacaronline.com/en/privacy-policy.html]
[static.cubarentacaronline.com/js/jquery.min.js]
[static.cubarentacaronline.com/js/bootstrap.bundle.min.js]
[static.cubarentacaronline.com/lib/wow/wow.min.js]
[cubarentacaronline.com/index.html]
[static.cubarentacaronline.com/lib/easing/easing.min.js]
[static.cubarentacaronline.com/lib/waypoints/waypoints.min.js]
[static.cubarentacaronline.com/lib/owlcarousel/owl.carousel.min.js]
[static.cubarentacaronline.com/lib/datetime-picker-component/js/date-time-picker-component.min.js]
[static.cubarentacaronline.com/lib/bootstrap-select/js/bootstrap-select.min.js]
[static.cubarentacaronline.com/lib/bootstrap-select/js/i18n/defaults-en_US.min.js]
[static.cubarentacaronline.com/lib/flatpickr/flatpickr.min.js]
[static.cubarentacaronline.com/lib/flatpickr/l10n/default.js]
[static.cubarentacaronline.com/lib/inputmask/jquery.inputmask.min.js]
[static.cubarentacaronline.com/js/main.js]
[cubarentacaronline.com/indexe2f0.html]
[www.googletagmanager.com/gtm5445.html]
[static.cubarentacaronline.com/lib/fontawesome/css/all.min.css]
[static.cubarentacaronline.com/lib/bootstrap-icons/fonts/bootstrap-iconse8a7.woff2]
[static.cubarentacaronline.com/lib/bootstrap-icons/fonts/bootstrap-iconse8a7.woff]
[static.cubarentacaronline.com/lib/bootstrap-icons/bootstrap-icons.css]
[static.cubarentacaronline.com/lib/material-design-icons/css/materialdesignicons.min.css]
[static.cubarentacaronline.com/lib/animate/animate.min.css]
[static.cubarentacaronline.com/lib/owlcarousel/assets/owl.video.play.png]
[static.cubarentacaronline.com/lib/owlcarousel/assets/owl.carousel.min.css]
[static.cubarentacaronline.com/lib/datetime-picker-component/css/date-time-picker-component.min.css]
[static.cubarentacaronline.com/css/bootstrap.min.css]
[static.cubarentacaronline.com/lib/bootstrap-select/css/bootstrap-select.css]
[static.cubarentacaronline.com/lib/flatpickr/flatpickr.min.css]
[static.cubarentacaronline.com/lib/flag-icons/css/flag-icons.min.css]
[static.cubarentacaronline.com/img/carousel-1.jpg]
[static.cubarentacaronline.com/css/style.css]
[cubarentacaronline.com/ene2f0.html]
[cubarentacaronline.com/es.html]
[cubarentacaronline.com/es/cars.html]
[cubarentacaronline.com/es/carse7ea.html]
[cubarentacaronline.com/es/carsa19d.html]
[cubarentacaronline.com/es/carsb455.html]
[cubarentacaronline.com/es/cars42eb.html]
[cubarentacaronline.com/es/contact.html]
[cubarentacaronline.com/es/about-us.html]
[cubarentacaronline.com/es/rental-details.html]
[cubarentacaronline.com/es/sign-in.html]
[cubarentacaronline.com/es/sign-up.html]
[static.cubarentacaronline.com/img/home-carousel-1_ES.jpg]
[static.cubarentacaronline.com/img/home-carousel-2_ES.jpg]
[cubarentacaronline.com/es/car-details583d.html]
[cubarentacaronline.com/es/car-details0580.html]
[cubarentacaronline.com/es/car-details4412.html]
[cubarentacaronline.com/es/terms-conditions.html]
[cubarentacaronline.com/es/answered-questions.html]
[cubarentacaronline.com/es/privacy-policy.html]
[static.cubarentacaronline.com/lib/bootstrap-select/js/i18n/defaults-es_ES.min.js]
[static.cubarentacaronline.com/lib/flatpickr/l10n/es.js]
[cubarentacaronline.com/ese2f0.html]
[cubarentacaronline.com/en.html]
[cubarentacaronline.com/en/car-details3897.html]
[cdn.cegstravel.es/global/img/cars/dongfeng-aeolus-yixuan/9CA39B26.jpg]
[cubarentacaronline.com/en/car-detailse94a.html]
[cdn.cegstravel.es/global/img/cars/bestune-t55/3033A561.jpg]
[cubarentacaronline.com/en/car-details2a65.html]
[cdn.cegstravel.es/global/img/cars/hyundai-elantra/A24FECF5.jpg]
[cubarentacaronline.com/en/car-details6126.html]
[cdn.cegstravel.es/global/img/cars/dongfeng-shinemax/C00B7C7D.jpg]
[cubarentacaronline.com/en/car-details3057.html]
[cdn.cegstravel.es/global/img/cars/hyundai-santa-fe/DB90BDF9.jpg]
[cubarentacaronline.com/en/car-details46cb.html]
[cdn.cegstravel.es/global/img/cars/maxus-g10/724297F1.jpg]
[static.cubarentacaronline.com/js/cars.js]
[cubarentacaronline.com/en/cars.html]
[cubarentacaronline.com/en/carsa19d.html]
[cubarentacaronline.com/en/carse7ea.html]
[cubarentacaronline.com/en/carsb455.html]
[cubarentacaronline.com/en/cars42eb.html]
[static.cubarentacaronline.com/img/contact-2.jpg]
[static.cubarentacaronline.com/img/contact-1.jpg]
[cubarentacaronline.com/en/contact.html]
[cubarentacaronline.com/en/about-us.html]
[cubarentacaronline.com/en/rental-details.html]
[cubarentacaronline.com/en/forgot-password.html]
[cubarentacaronline.com/en/sign-in.html]
[cubarentacaronline.com/en/sign-up.html]
[cubarentacaronline.com/en/car-details583d.html]
[cubarentacaronline.com/en/car-details0580.html]
[cubarentacaronline.com/en/car-details4412.html]
[cubarentacaronline.com/es/cars/get_min_rental_days.html]
[cubarentacaronline.com/cars/get_min_rental_days.html]
[cubarentacaronline.com/en/terms-conditions.html]
[cubarentacaronline.com/en/answered-questions.html]
[cubarentacaronline.com/en/privacy-policy.html]
[cubarentacaronline.com/index.html]
[cubarentacaronline.com/ene2f0.html]
[cubarentacaronline.com/es.html]
[cubarentacaronline.com/es/car-details3897.html]
[cubarentacaronline.com/es/car-detailse94a.html]
[cubarentacaronline.com/es/car-details2a65.html]
[cubarentacaronline.com/es/car-details6126.html]
[cubarentacaronline.com/es/car-details3057.html]
[cubarentacaronline.com/es/car-details46cb.html]
[cubarentacaronline.com/es/cars.html]
[cubarentacaronline.com/es/carse7ea.html]
[cubarentacaronline.com/es/carsa19d.html]
[cubarentacaronline.com/es/carsb455.html]
[cubarentacaronline.com/es/cars42eb.html]
[cubarentacaronline.com/es/contact.html]
[cubarentacaronline.com/es/about-us.html]
[cubarentacaronline.com/es/rental-details.html]
[cubarentacaronline.com/es/forgot-password.html]
[cubarentacaronline.com/es/sign-in.html]
[cubarentacaronline.com/es/sign-up.html]
[cubarentacaronline.com/es/car-details583d.html]
[cubarentacaronline.com/es/car-details0580.html]
[cubarentacaronline.com/es/car-details4412.html]
[cubarentacaronline.com/es/terms-conditions.html]
[cubarentacaronline.com/es/answered-questions.html]
[cubarentacaronline.com/es/privacy-policy.html]
[cubarentacaronline.com/en/car-details3897.html]
[cubarentacaronline.com/en/car-detailse94a.html]
[cubarentacaronline.com/en/car-details2a65.html]
[cubarentacaronline.com/en/car-details6126.html]
[cubarentacaronline.com/en/car-details3057.html]
[cubarentacaronline.com/en/car-details46cb.html]
[cubarentacaronline.com/en/forgot-password.html]
[cubarentacaronline.com/es/es/cars/get_min_rental_days.html]
[cubarentacaronline.com/es/cars/get_min_rental_days.html]
[cubarentacaronline.com/es/car-details3897.html]
[cubarentacaronline.com/es/car-detailse94a.html]
[cubarentacaronline.com/es/car-details2a65.html]
[cubarentacaronline.com/es/car-details6126.html]
[cubarentacaronline.com/es/car-details3057.html]
[cubarentacaronline.com/es/car-details46cb.html]
[cubarentacaronline.com/es/forgot-password.html]
[cubarentacaronline.com/es/es/es/cars/get_min_rental_days.html]
[cubarentacaronline.com/es/es/cars/get_min_rental_days.html]
[cubarentacaronline.com/es/es/es/es/cars/get_min_rental_days.html]
[cubarentacaronline.com/es/es/es/cars/get_min_rental_days.html]
[cubarentacaronline.com/es/es/es/es/es/cars/get_min_rental_days.html]
[cubarentacaronline.com/es/es/es/es/cars/get_min_rental_days.html]
[cubarentacaronline.com/es/es/es/es/es/es/cars/get_min_rental_days.html]
[cubarentacaronline.com/es/es/es/es/es/cars/get_min_rental_days.html]
[cubarentacaronline.com/es/es/es/es/es/es/es/cars/get_min_rental_days.html]
[cubarentacaronline.com/es/es/es/es/es/es/cars/get_min_rental_days.html]
[cubarentacaronline.com/es/es/es/es/es/es/es/es/cars/get_min_rental_days.html]
[cubarentacaronline.com/es/es/es/es/es/es/es/cars/get_min_rental_days.html]
[cubarentacaronline.com/es/es/es/es/es/es/es/es/es/cars/get_min_rental_days.html]
[cubarentacaronline.com/es/es/es/es/es/es/es/es/cars/get_min_rental_days.html]
[cubarentacaronline.com/es/es/es/es/es/es/es/es/es/es/cars/get_min_rental_days.html]
[cubarentacaronline.com/es/es/es/es/es/es/es/es/es/cars/get_min_rental_days.html]
[cubarentacaronline.com/es/es/es/es/es/es/es/es/es/es/es/cars/get_min_rental_days.html]
[cubarentacaronline.com/es/es/es/es/es/es/es/es/es/es/cars/get_min_rental_days.html]
[cubarentacaronline.com/es/es/es/es/es/es/es/es/es/es/es/es/cars/get_min_rental_days.html]
[cubarentacaronline.com/es/es/es/es/es/es/es/es/es/es/es/cars/get_min_rental_days.html]
[cubarentacaronline.com/es/es/es/es/es/es/es/es/es/es/es/es/es/cars/get_min_rental_days.html]
[cubarentacaronline.com/es/es/es/es/es/es/es/es/es/es/es/es/cars/get_min_rental_days.html]
[cubarentacaronline.com/es/es/es/es/es/es/es/es/es/es/es/es/es/es/cars/get_min_rental_days.html]
[cubarentacaronline.com/es/es/es/es/es/es/es/es/es/es/es/es/es/cars/get_min_rental_days.html]
[cubarentacaronline.com/es/es/es/es/es/es/es/es/es/es/es/es/es/es/es/cars/get_min_rental_days.html]
[cubarentacaronline.com/es/es/es/es/es/es/es/es/es/es/es/es/es/es/cars/get_min_rental_days.html]
[cubarentacaronline.com/es/es/es/es/es/es/es/es/es/es/es/es/es/es/es/es/cars/get_min_rental_days.html]
[cubarentacaronline.com/es/es/es/es/es/es/es/es/es/es/es/es/es/es/es/cars/get_min_rental_days.html]
[cubarentacaronline.com/es/es/es/es/es/es/es/es/es/es/es/es/es/es/es/es/es/cars/get_min_rental_days.html]
[cubarentacaronline.com/es/es/es/es/es/es/es/es/es/es/es/es/es/es/es/es/cars/get_min_rental_days.html]
[cubarentacaronline.com/es/es/es/es/es/es/es/es/es/es/es/es/es/es/es/es/es/es/cars/get_min_rental_days.html]
[cubarentacaronline.com/es/es/es/es/es/es/es/es/es/es/es/es/es/es/es/es/es/cars/get_min_rental_days.html]
[cubarentacaronline.com/es/es/es/es/es/es/es/es/es/es/es/es/es/es/es/es/es/es/es/cars/get_min_rental_days.html]
[cubarentacaronline.com/es/es/es/es/es/es/es/es/es/es/es/es/es/es/es/es/es/es/cars/get_min_rental_days.html]
[cubarentacaronline.com/es/es/es/es/es/es/es/es/es/es/es/es/es/es/es/es/es/es/es/es/cars/get_min_rental_days.html]
[cubarentacaronline.com/es/es/es/es/es/es/es/es/es/es/es/es/es/es/es/es/es/es/es/cars/get_min_rental_days.html]
[cubarentacaronline.com/es/es/es/es/es/es/es/es/es/es/es/es/es/es/es/es/es/es/es/es/es/cars/get_min_rental_days.html]
[cubarentacaronline.com/es/es/es/es/es/es/es/es/es/es/es/es/es/es/es/es/es/es/es/es/cars/get_min_rental_days.html]
[cubarentacaronline.com/es/es/es/es/es/es/es/es/es/es/es/es/es/es/es/es/es/es/es/es/es/es/cars/get_min_rental_days.html]
[cubarentacaronline.com/es/es/es/es/es/es/es/es/es/es/es/es/es/es/es/es/es/es/es/es/es/cars/get_min_rental_days.html]
[cubarentacaronline.com/es/es/es/es/es/es/es/es/es/es/es/es/es/es/es/es/es/es/es/es/es/es/es/cars/get_min_rental_days.html]
[cubarentacaronline.com/es/es/es/es/es/es/es/es/es/es/es/es/es/es/es/es/es/es/es/es/es/es/cars/get_min_rental_days.html]
[cubarentacaronline.com/es/es/es/es/es/es/es/es/es/es/es/es/es/es/es/es/es/es/es/es/es/es/es/es/cars/get_min_rental_days.html]
[cubarentacaronline.com/es/es/es/es/es/es/es/es/es/es/es/es/es/es/es/es/es/es/es/es/es/es/es/cars/get_min_rental_days.html]
[cubarentacaronline.com/es/es/es/es/es/es/es/es/es/es/es/es/es/es/es/es/es/es/es/es/es/es/es/es/es/cars/get_min_rental_days.html]
[cubarentacaronline.com/es/es/es/es/es/es/es/es/es/es/es/es/es/es/es/es/es/es/es/es/es/es/es/es/cars/get_min_rental_days.html]
[cubarentacaronline.com/es/es/es/es/es/es/es/es/es/es/es/es/es/es/es/es/es/es/es/es/es/es/es/es/es/es/cars/get_min_rental_days.html]
[cubarentacaronline.com/es/es/es/es/es/es/es/es/es/es/es/es/es/es/es/es/es/es/es/es/es/es/es/es/es/cars/get_min_rental_days.html]
[cubarentacaronline.com/es/es/es/es/es/es/es/es/es/es/es/es/es/es/es/es/es/es/es/es/es/es/es/es/es/es/es/cars/get_min_rental_days.html]
[cubarentacaronline.com/es/es/es/es/es/es/es/es/es/es/es/es/es/es/es/es/es/es/es/es/es/es/es/es/es/es/cars/get_min_rental_days.html]
[cubarentacaronline.com/es/es/es/es/es/es/es/es/es/es/es/es/es/es/es/es/es/es/es/es/es/es/es/es/es/es/es/es/cars/get_min_rental_days.html]
[cubarentacaronline.com/es/es/es/es/es/es/es/es/es/es/es/es/es/es/es/es/es/es/es/es/es/es/es/es/es/es/es/cars/get_min_rental_days.html]
[cubarentacaronline.com/es/es/es/es/es/es/es/es/es/es/es/es/es/es/es/es/es/es/es/es/es/es/es/es/es/es/es/es/es/cars/get_min_rental_days.html]
[cubarentacaronline.com/es/es/es/es/es/es/es/es/es/es/es/es/es/es/es/es/es/es/es/es/es/es/es/es/es/es/es/es/cars/get_min_rental_days.html]
[cubarentacaronline.com/es/es/es/es/es/es/es/es/es/es/es/es/es/es/es/es/es/es/es/es/es/es/es/es/es/es/es/es/es/es/cars/get_min_rental_days.html]
[cubarentacaronline.com/es/es/es/es/es/es/es/es/es/es/es/es/es/es/es/es/es/es/es/es/es/es/es/es/es/es/es/es/es/cars/get_min_rental_days.html]
[cubarentacaronline.com/es/es/es/es/es/es/es/es/es/es/es/es/es/es/es/es/es/es/es/es/es/es/es/es/es/es/es/es/es/es/es/cars/get_min_rental_days.html]
[cubarentacaronline.com/es/es/es/es/es/es/es/es/es/es/es/es/es/es/es/es/es/es/es/es/es/es/es/es/es/es/es/es/es/es/cars/get_min_rental_days.html]
[cubarentacaronline.com/es/es/es/es/es/es/es/es/es/es/es/es/es/es/es/es/es/es/es/es/es/es/es/es/es/es/es/es/es/es/es/es/cars/get_min_rental_days.html]
[cubarentacaronline.com/es/es/es/es/es/es/es/es/es/es/es/es/es/es/es/es/es/es/es/es/es/es/es/es/es/es/es/es/es/es/es/cars/get_min_rental_days.html]
[cubarentacaronline.com/es/es/es/es/es/es/es/es/es/es/es/es/es/es/es/es/es/es/es/es/es/es/es/es/es/es/es/es/es/es/es/es/es/cars/get_min_rental_days.html]
[cubarentacaronline.com/es/es/es/es/es/es/es/es/es/es/es/es/es/es/es/es/es/es/es/es/es/es/es/es/es/es/es/es/es/es/es/es/cars/get_min_rental_days.html]
[cubarentacaronline.com/es/es/es/es/es/es/es/es/es/es/es/es/es/es/es/es/es/es/es/es/es/es/es/es/es/es/es/es/es/es/es/es/es/es/cars/get_min_rental_days.html]
[cubarentacaronline.com/es/es/es/es/es/es/es/es/es/es/es/es/es/es/es/es/es/es/es/es/es/es/es/es/es/es/es/es/es/es/es/es/es/cars/get_min_rental_days.html]
[cubarentacaronline.com/es/es/es/es/es/es/es/es/es/es/es/es/es/es/es/es/es/es/es/es/es/es/es/es/es/es/es/es/es/es/es/es/es/es/es/cars/get_min_rental_days.html]
[cubarentacaronline.com/es/es/es/es/es/es/es/es/es/es/es/es/es/es/es/es/es/es/es/es/es/es/es/es/es/es/es/es/es/es/es/es/es/es/cars/get_min_rental_days.html]
[cubarentacaronline.com/es/es/es/es/es/es/es/es/es/es/es/es/es/es/es/es/es/es/es/es/es/es/es/es/es/es/es/es/es/es/es/es/es/es/es/es/cars/get_min_rental_days.html]
[cubarentacaronline.com/es/es/es/es/es/es/es/es/es/es/es/es/es/es/es/es/es/es/es/es/es/es/es/es/es/es/es/es/es/es/es/es/es/es/es/cars/get_min_rental_days.html]
[cubarentacaronline.com/es/es/es/es/es/es/es/es/es/es/es/es/es/es/es/es/es/es/es/es/es/es/es/es/es/es/es/es/es/es/es/es/es/es/es/es/es/cars/get_min_rental_days.html]
[cubarentacaronline.com/es/es/es/es/es/es/es/es/es/es/es/es/es/es/es/es/es/es/es/es/es/es/es/es/es/es/es/es/es/es/es/es/es/es/es/es/cars/get_min_rental_days.html]
[cubarentacaronline.com/es/es/es/es/es/es/es/es/es/es/es/es/es/es/es/es/es/es/es/es/es/es/es/es/es/es/es/es/es/es/es/es/es/es/es/es/es/es/cars/get_min_rental_days.html]
[cubarentacaronline.com/es/es/es/es/es/es/es/es/es/es/es/es/es/es/es/es/es/es/es/es/es/es/es/es/es/es/es/es/es/es/es/es/es/es/es/es/es/cars/get_min_rental_days.html]
[cubarentacaronline.com/es/es/es/es/es/es/es/es/es/es/es/es/es/es/es/es/es/es/es/es/es/es/es/es/es/es/es/es/es/es/es/es/es/es/es/es/es/es/es/cars/get_min_rental_days.html]
[cubarentacaronline.com/es/es/es/es/es/es/es/es/es/es/es/es/es/es/es/es/es/es/es/es/es/es/es/es/es/es/es/es/es/es/es/es/es/es/es/es/es/es/cars/get_min_rental_days.html]
[cubarentacaronline.com/es/es/es/es/es/es/es/es/es/es/es/es/es/es/es/es/es/es/es/es/es/es/es/es/es/es/es/es/es/es/es/es/es/es/es/es/es/es/es/es/cars/get_min_rental_days.html]
[cubarentacaronline.com/es/es/es/es/es/es/es/es/es/es/es/es/es/es/es/es/es/es/es/es/es/es/es/es/es/es/es/es/es/es/es/es/es/es/es/es/es/es/es/cars/get_min_rental_days.html]
[cubarentacaronline.com/es/es/es/es/es/es/es/es/es/es/es/es/es/es/es/es/es/es/es/es/es/es/es/es/es/es/es/es/es/es/es/es/es/es/es/es/es/es/es/es/es/cars/get_min_rental_days.html]
[cubarentacaronline.com/es/es/es/es/es/es/es/es/es/es/es/es/es/es/es/es/es/es/es/es/es/es/es/es/es/es/es/es/es/es/es/es/es/es/es/es/es/es/es/es/cars/get_min_rental_days.html]
[cubarentacaronline.com/es/es/es/es/es/es/es/es/es/es/es/es/es/es/es/es/es/es/es/es/es/es/es/es/es/es/es/es/es/es/es/es/es/es/es/es/es/es/es/es/es/es/cars/get_min_rental_days.html]
[cubarentacaronline.com/es/es/es/es/es/es/es/es/es/es/es/es/es/es/es/es/es/es/es/es/es/es/es/es/es/es/es/es/es/es/es/es/es/es/es/es/es/es/es/es/es/cars/get_min_rental_days.html]
[cubarentacaronline.com/es/es/es/es/es/es/es/es/es/es/es/es/es/es/es/es/es/es/es/es/es/es/es/es/es/es/es/es/es/es/es/es/es/es/es/es/es/es/es/es/es/es/es/cars/get_min_rental_days.html]
[cubarentacaronline.com/es/es/es/es/es/es/es/es/es/es/es/es/es/es/es/es/es/es/es/es/es/es/es/es/es/es/es/es/es/es/es/es/es/es/es/es/es/es/es/es/es/es/cars/get_min_rental_days.html]
[cubarentacaronline.com/es/es/es/es/es/es/es/es/es/es/es/es/es/es/es/es/es/es/es/es/es/es/es/es/es/es/es/es/es/es/es/es/es/es/es/es/es/es/es/es/es/es/es/es/cars/get_min_rental_days.html]
[cubarentacaronline.com/es/es/es/es/es/es/es/es/es/es/es/es/es/es/es/es/es/es/es/es/es/es/es/es/es/es/es/es/es/es/es/es/es/es/es/es/es/es/es/es/es/es/es/cars/get_min_rental_days.html]
[cubarentacaronline.com/es/es/es/es/es/es/es/es/es/es/es/es/es/es/es/es/es/es/es/es/es/es/es/es/es/es/es/es/es/es/es/es/es/es/es/es/es/es/es/es/es/es/es/es/es/cars/get_min_rental_days.html]
[cubarentacaronline.com/es/es/es/es/es/es/es/es/es/es/es/es/es/es/es/es/es/es/es/es/es/es/es/es/es/es/es/es/es/es/es/es/es/es/es/es/es/es/es/es/es/es/es/es/cars/get_min_rental_days.html]
[cubarentacaronline.com/es/es/es/es/es/es/es/es/es/es/es/es/es/es/es/es/es/es/es/es/es/es/es/es/es/es/es/es/es/es/es/es/es/es/es/es/es/es/es/es/es/es/es/es/es/es/cars/get_min_rental_days.html]
[cubarentacaronline.com/es/es/es/es/es/es/es/es/es/es/es/es/es/es/es/es/es/es/es/es/es/es/es/es/es/es/es/es/es/es/es/es/es/es/es/es/es/es/es/es/es/es/es/es/es/cars/get_min_rental_days.html]
[cubarentacaronline.com/es/es/es/es/es/es/es/es/es/es/es/es/es/es/es/es/es/es/es/es/es/es/es/es/es/es/es/es/es/es/es/es/es/es/es/es/es/es/es/es/es/es/es/es/es/es/es/cars/get_min_rental_days.html]
[cubarentacaronline.com/es/es/es/es/es/es/es/es/es/es/es/es/es/es/es/es/es/es/es/es/es/es/es/es/es/es/es/es/es/es/es/es/es/es/es/es/es/es/es/es/es/es/es/es/es/es/cars/get_min_rental_days.html]
[cubarentacaronline.com/es/es/es/es/es/es/es/es/es/es/es/es/es/es/es/es/es/es/es/es/es/es/es/es/es/es/es/es/es/es/es/es/es/es/es/es/es/es/es/es/es/es/es/es/es/es/es/es/cars/get_min_rental_days.html]
[cubarentacaronline.com/es/es/es/es/es/es/es/es/es/es/es/es/es/es/es/es/es/es/es/es/es/es/es/es/es/es/es/es/es/es/es/es/es/es/es/es/es/es/es/es/es/es/es/es/es/es/es/cars/get_min_rental_days.html]
[cubarentacaronline.com/es/es/es/es/es/es/es/es/es/es/es/es/es/es/es/es/es/es/es/es/es/es/es/es/es/es/es/es/es/es/es/es/es/es/es/es/es/es/es/es/es/es/es/es/es/es/es/es/es/cars/get_min_rental_days.225.dela]
[cubarentacaronline.com/es/es/es/es/es/es/es/es/es/es/es/es/es/es/es/es/es/es/es/es/es/es/es/es/es/es/es/es/es/es/es/es/es/es/es/es/es/es/es/es/es/es/es/es/es/es/es/es/cars/get_min_rental_days.html]
[cubarentacaronline.com/es/es/es/es/es/es/es/es/es/es/es/es/es/es/es/es/es/es/es/es/es/es/es/es/es/es/es/es/es/es/es/es/es/es/es/es/es/es/es/es/es/es/es/es/es/es/es/es/es/es/cars/get_min_rental_days.22a.d]
[cubarentacaronline.com/es/es/es/es/es/es/es/es/es/es/es/es/es/es/es/es/es/es/es/es/es/es/es/es/es/es/es/es/es/es/es/es/es/es/es/es/es/es/es/es/es/es/es/es/es/es/es/es/es/cars/get_min_rental_days.225.dela]
[cubarentacaronline.com/es/es/es/es/es/es/es/es/es/es/es/es/es/es/es/es/es/es/es/es/es/es/es/es/es/es/es/es/es/es/es/es/es/es/es/es/es/es/es/es/es/es/es/es/es/es/es/es/es/es/es/car/get_min_rental_days.22f]
[cubarentacaronline.com/es/es/es/es/es/es/es/es/es/es/es/es/es/es/es/es/es/es/es/es/es/es/es/es/es/es/es/es/es/es/es/es/es/es/es/es/es/es/es/es/es/es/es/es/es/es/es/es/es/es/cars/get_min_rental_days.22a.d]
[cubarentacaronline.com/es/es/es/es/es/es/es/es/es/es/es/es/es/es/es/es/es/es/es/es/es/es/es/es/es/es/es/es/es/es/es/es/es/es/es/es/es/es/es/es/es/es/es/es/es/es/es/es/es/es/es/es//get_min_rental_days.234]
[cubarentacaronline.com/es/es/es/es/es/es/es/es/es/es/es/es/es/es/es/es/es/es/es/es/es/es/es/es/es/es/es/es/es/es/es/es/es/es/es/es/es/es/es/es/es/es/es/es/es/es/es/es/es/es/es/car/get_min_rental_days.22f]
[cubarentacaronline.com/es/es/es/es/es/es/es/es/es/es/es/es/es/es/es/es/es/es/es/es/es/es/es/es/es/es/es/es/es/es/es/es/es/es/es/es/es/es/es/es/es/es/es/es/es/es/es/es/es/es/es/es//get_min_rental_days.239]
[cubarentacaronline.com/es/es/es/es/es/es/es/es/es/es/es/es/es/es/es/es/es/es/es/es/es/es/es/es/es/es/es/es/es/es/es/es/es/es/es/es/es/es/es/es/es/es/es/es/es/es/es/es/es/es/es/es//get_min_rental_days.234]
[cubarentacaronline.com/es/es/es/es/es/es/es/es/es/es/es/es/es/es/es/es/es/es/es/es/es/es/es/es/es/es/es/es/es/es/es/es/es/es/es/es/es/es/es/es/es/es/es/es/es/es/es/es/es/es/es/es//get_min_rental_days.23e]
[cubarentacaronline.com/es/es/es/es/es/es/es/es/es/es/es/es/es/es/es/es/es/es/es/es/es/es/es/es/es/es/es/es/es/es/es/es/es/es/es/es/es/es/es/es/es/es/es/es/es/es/es/es/es/es/es/es//get_min_rental_days.239]
[cubarentacaronline.com/es/es/es/es/es/es/es/es/es/es/es/es/es/es/es/es/es/es/es/es/es/es/es/es/es/es/es/es/es/es/es/es/es/es/es/es/es/es/es/es/es/es/es/es/es/es/es/es/es/es/es/es//get_min_rental_days.243]
[cubarentacaronline.com/es/es/es/es/es/es/es/es/es/es/es/es/es/es/es/es/es/es/es/es/es/es/es/es/es/es/es/es/es/es/es/es/es/es/es/es/es/es/es/es/es/es/es/es/es/es/es/es/es/es/es/es//get_min_rental_days.23e]
[cubarentacaronline.com/es/es/es/es/es/es/es/es/es/es/es/es/es/es/es/es/es/es/es/es/es/es/es/es/es/es/es/es/es/es/es/es/es/es/es/es/es/es/es/es/es/es/es/es/es/es/es/es/es/es/es/es//get_min_rental_days.248]
[cubarentacaronline.com/es/es/es/es/es/es/es/es/es/es/es/es/es/es/es/es/es/es/es/es/es/es/es/es/es/es/es/es/es/es/es/es/es/es/es/es/es/es/es/es/es/es/es/es/es/es/es/es/es/es/es/es//get_min_rental_days.243]
[cubarentacaronline.com/es/es/es/es/es/es/es/es/es/es/es/es/es/es/es/es/es/es/es/es/es/es/es/es/es/es/es/es/es/es/es/es/es/es/es/es/es/es/es/es/es/es/es/es/es/es/es/es/es/es/es/es//get_min_rental_days.24d]
[cubarentacaronline.com/es/es/es/es/es/es/es/es/es/es/es/es/es/es/es/es/es/es/es/es/es/es/es/es/es/es/es/es/es/es/es/es/es/es/es/es/es/es/es/es/es/es/es/es/es/es/es/es/es/es/es/es//get_min_rental_days.248]
[cubarentacaronline.com/es/es/es/es/es/es/es/es/es/es/es/es/es/es/es/es/es/es/es/es/es/es/es/es/es/es/es/es/es/es/es/es/es/es/es/es/es/es/es/es/es/es/es/es/es/es/es/es/es/es/es/es//get_min_rental_days.252]
[cubarentacaronline.com/es/es/es/es/es/es/es/es/es/es/es/es/es/es/es/es/es/es/es/es/es/es/es/es/es/es/es/es/es/es/es/es/es/es/es/es/es/es/es/es/es/es/es/es/es/es/es/es/es/es/es/es//get_min_rental_days.24d]
[cubarentacaronline.com/es/es/es/es/es/es/es/es/es/es/es/es/es/es/es/es/es/es/es/es/es/es/es/es/es/es/es/es/es/es/es/es/es/es/es/es/es/es/es/es/es/es/es/es/es/es/es/es/es/es/es/es//get_min_rental_days.257]
[cubarentacaronline.com/es/es/es/es/es/es/es/es/es/es/es/es/es/es/es/es/es/es/es/es/es/es/es/es/es/es/es/es/es/es/es/es/es/es/es/es/es/es/es/es/es/es/es/es/es/es/es/es/es/es/es/es//get_min_rental_days.252]
[cubarentacaronline.com/es/es/es/es/es/es/es/es/es/es/es/es/es/es/es/es/es/es/es/es/es/es/es/es/es/es/es/es/es/es/es/es/es/es/es/es/es/es/es/es/es/es/es/es/es/es/es/es/es/es/es/es//get_min_rental_days.25c]
[cubarentacaronline.com/es/es/es/es/es/es/es/es/es/es/es/es/es/es/es/es/es/es/es/es/es/es/es/es/es/es/es/es/es/es/es/es/es/es/es/es/es/es/es/es/es/es/es/es/es/es/es/es/es/es/es/es//get_min_rental_days.257]
[cubarentacaronline.com/es/es/es/es/es/es/es/es/es/es/es/es/es/es/es/es/es/es/es/es/es/es/es/es/es/es/es/es/es/es/es/es/es/es/es/es/es/es/es/es/es/es/es/es/es/es/es/es/es/es/es/es//get_min_rental_days.261]
[cubarentacaronline.com/es/es/es/es/es/es/es/es/es/es/es/es/es/es/es/es/es/es/es/es/es/es/es/es/es/es/es/es/es/es/es/es/es/es/es/es/es/es/es/es/es/es/es/es/es/es/es/es/es/es/es/es//get_min_rental_days.25c]
[cubarentacaronline.com/es/es/es/es/es/es/es/es/es/es/es/es/es/es/es/es/es/es/es/es/es/es/es/es/es/es/es/es/es/es/es/es/es/es/es/es/es/es/es/es/es/es/es/es/es/es/es/es/es/es/es/es//get_min_rental_days.266]
[cubarentacaronline.com/es/es/es/es/es/es/es/es/es/es/es/es/es/es/es/es/es/es/es/es/es/es/es/es/es/es/es/es/es/es/es/es/es/es/es/es/es/es/es/es/es/es/es/es/es/es/es/es/es/es/es/es//get_min_rental_days.261]
[cubarentacaronline.com/es/es/es/es/es/es/es/es/es/es/es/es/es/es/es/es/es/es/es/es/es/es/es/es/es/es/es/es/es/es/es/es/es/es/es/es/es/es/es/es/es/es/es/es/es/es/es/es/es/es/es/es//get_min_rental_days.26b]
[cubarentacaronline.com/es/es/es/es/es/es/es/es/es/es/es/es/es/es/es/es/es/es/es/es/es/es/es/es/es/es/es/es/es/es/es/es/es/es/es/es/es/es/es/es/es/es/es/es/es/es/es/es/es/es/es/es//get_min_rental_days.266]
[cubarentacaronline.com/es/es/es/es/es/es/es/es/es/es/es/es/es/es/es/es/es/es/es/es/es/es/es/es/es/es/es/es/es/es/es/es/es/es/es/es/es/es/es/es/es/es/es/es/es/es/es/es/es/es/es/es//get_min_rental_days.270]
[cubarentacaronline.com/es/es/es/es/es/es/es/es/es/es/es/es/es/es/es/es/es/es/es/es/es/es/es/es/es/es/es/es/es/es/es/es/es/es/es/es/es/es/es/es/es/es/es/es/es/es/es/es/es/es/es/es//get_min_rental_days.26b]
[cubarentacaronline.com/es/es/es/es/es/es/es/es/es/es/es/es/es/es/es/es/es/es/es/es/es/es/es/es/es/es/es/es/es/es/es/es/es/es/es/es/es/es/es/es/es/es/es/es/es/es/es/es/es/es/es/es//get_min_rental_days.275]
[cubarentacaronline.com/es/es/es/es/es/es/es/es/es/es/es/es/es/es/es/es/es/es/es/es/es/es/es/es/es/es/es/es/es/es/es/es/es/es/es/es/es/es/es/es/es/es/es/es/es/es/es/es/es/es/es/es//get_min_rental_days.270]
[cubarentacaronline.com/es/es/es/es/es/es/es/es/es/es/es/es/es/es/es/es/es/es/es/es/es/es/es/es/es/es/es/es/es/es/es/es/es/es/es/es/es/es/es/es/es/es/es/es/es/es/es/es/es/es/es/es//get_min_rental_days.27a]
[cubarentacaronline.com/es/es/es/es/es/es/es/es/es/es/es/es/es/es/es/es/es/es/es/es/es/es/es/es/es/es/es/es/es/es/es/es/es/es/es/es/es/es/es/es/es/es/es/es/es/es/es/es/es/es/es/es//get_min_rental_days.275]
[cubarentacaronline.com/es/es/es/es/es/es/es/es/es/es/es/es/es/es/es/es/es/es/es/es/es/es/es/es/es/es/es/es/es/es/es/es/es/es/es/es/es/es/es/es/es/es/es/es/es/es/es/es/es/es/es/es//get_min_rental_days.27f]
[cubarentacaronline.com/es/es/es/es/es/es/es/es/es/es/es/es/es/es/es/es/es/es/es/es/es/es/es/es/es/es/es/es/es/es/es/es/es/es/es/es/es/es/es/es/es/es/es/es/es/es/es/es/es/es/es/es//get_min_rental_days.27a]
[cubarentacaronline.com/es/es/es/es/es/es/es/es/es/es/es/es/es/es/es/es/es/es/es/es/es/es/es/es/es/es/es/es/es/es/es/es/es/es/es/es/es/es/es/es/es/es/es/es/es/es/es/es/es/es/es/es//get_min_rental_days.284]
[cubarentacaronline.com/es/es/es/es/es/es/es/es/es/es/es/es/es/es/es/es/es/es/es/es/es/es/es/es/es/es/es/es/es/es/es/es/es/es/es/es/es/es/es/es/es/es/es/es/es/es/es/es/es/es/es/es//get_min_rental_days.27f]
[cubarentacaronline.com/es/es/es/es/es/es/es/es/es/es/es/es/es/es/es/es/es/es/es/es/es/es/es/es/es/es/es/es/es/es/es/es/es/es/es/es/es/es/es/es/es/es/es/es/es/es/es/es/es/es/es/es//get_min_rental_days.289]
[cubarentacaronline.com/es/es/es/es/es/es/es/es/es/es/es/es/es/es/es/es/es/es/es/es/es/es/es/es/es/es/es/es/es/es/es/es/es/es/es/es/es/es/es/es/es/es/es/es/es/es/es/es/es/es/es/es//get_min_rental_days.284]
[cubarentacaronline.com/es/es/es/es/es/es/es/es/es/es/es/es/es/es/es/es/es/es/es/es/es/es/es/es/es/es/es/es/es/es/es/es/es/es/es/es/es/es/es/es/es/es/es/es/es/es/es/es/es/es/es/es//get_min_rental_days.28e]
[cubarentacaronline.com/es/es/es/es/es/es/es/es/es/es/es/es/es/es/es/es/es/es/es/es/es/es/es/es/es/es/es/es/es/es/es/es/es/es/es/es/es/es/es/es/es/es/es/es/es/es/es/es/es/es/es/es//get_min_rental_days.289]
[cubarentacaronline.com/es/es/es/es/es/es/es/es/es/es/es/es/es/es/es/es/es/es/es/es/es/es/es/es/es/es/es/es/es/es/es/es/es/es/es/es/es/es/es/es/es/es/es/es/es/es/es/es/es/es/es/es//get_min_rental_days.293]
[cubarentacaronline.com/es/es/es/es/es/es/es/es/es/es/es/es/es/es/es/es/es/es/es/es/es/es/es/es/es/es/es/es/es/es/es/es/es/es/es/es/es/es/es/es/es/es/es/es/es/es/es/es/es/es/es/es//get_min_rental_days.28e]
[cubarentacaronline.com/es/es/es/es/es/es/es/es/es/es/es/es/es/es/es/es/es/es/es/es/es/es/es/es/es/es/es/es/es/es/es/es/es/es/es/es/es/es/es/es/es/es/es/es/es/es/es/es/es/es/es/es//get_min_rental_days.298]
[cubarentacaronline.com/es/es/es/es/es/es/es/es/es/es/es/es/es/es/es/es/es/es/es/es/es/es/es/es/es/es/es/es/es/es/es/es/es/es/es/es/es/es/es/es/es/es/es/es/es/es/es/es/es/es/es/es//get_min_rental_days.293]
[cubarentacaronline.com/es/es/es/es/es/es/es/es/es/es/es/es/es/es/es/es/es/es/es/es/es/es/es/es/es/es/es/es/es/es/es/es/es/es/es/es/es/es/es/es/es/es/es/es/es/es/es/es/es/es/es/es//get_min_rental_days.29d]
[cubarentacaronline.com/es/es/es/es/es/es/es/es/es/es/es/es/es/es/es/es/es/es/es/es/es/es/es/es/es/es/es/es/es/es/es/es/es/es/es/es/es/es/es/es/es/es/es/es/es/es/es/es/es/es/es/es//get_min_rental_days.298]
[cubarentacaronline.com/es/es/es/es/es/es/es/es/es/es/es/es/es/es/es/es/es/es/es/es/es/es/es/es/es/es/es/es/es/es/es/es/es/es/es/es/es/es/es/es/es/es/es/es/es/es/es/es/es/es/es/es//get_min_rental_days.2a2]
[cubarentacaronline.com/es/es/es/es/es/es/es/es/es/es/es/es/es/es/es/es/es/es/es/es/es/es/es/es/es/es/es/es/es/es/es/es/es/es/es/es/es/es/es/es/es/es/es/es/es/es/es/es/es/es/es/es//get_min_rental_days.29d]
[cubarentacaronline.com/es/es/es/es/es/es/es/es/es/es/es/es/es/es/es/es/es/es/es/es/es/es/es/es/es/es/es/es/es/es/es/es/es/es/es/es/es/es/es/es/es/es/es/es/es/es/es/es/es/es/es/es//get_min_rental_days.2a7]
[cubarentacaronline.com/es/es/es/es/es/es/es/es/es/es/es/es/es/es/es/es/es/es/es/es/es/es/es/es/es/es/es/es/es/es/es/es/es/es/es/es/es/es/es/es/es/es/es/es/es/es/es/es/es/es/es/es//get_min_rental_days.2a2]
[cubarentacaronline.com/es/es/es/es/es/es/es/es/es/es/es/es/es/es/es/es/es/es/es/es/es/es/es/es/es/es/es/es/es/es/es/es/es/es/es/es/es/es/es/es/es/es/es/es/es/es/es/es/es/es/es/es//get_min_rental_days.2ac]
[cubarentacaronline.com/es/es/es/es/es/es/es/es/es/es/es/es/es/es/es/es/es/es/es/es/es/es/es/es/es/es/es/es/es/es/es/es/es/es/es/es/es/es/es/es/es/es/es/es/es/es/es/es/es/es/es/es//get_min_rental_days.2a7]
[cubarentacaronline.com/es/es/es/es/es/es/es/es/es/es/es/es/es/es/es/es/es/es/es/es/es/es/es/es/es/es/es/es/es/es/es/es/es/es/es/es/es/es/es/es/es/es/es/es/es/es/es/es/es/es/es/es//get_min_rental_days.2b1]
[cubarentacaronline.com/es/es/es/es/es/es/es/es/es/es/es/es/es/es/es/es/es/es/es/es/es/es/es/es/es/es/es/es/es/es/es/es/es/es/es/es/es/es/es/es/es/es/es/es/es/es/es/es/es/es/es/es//get_min_rental_days.2ac]
[cubarentacaronline.com/es/es/es/es/es/es/es/es/es/es/es/es/es/es/es/es/es/es/es/es/es/es/es/es/es/es/es/es/es/es/es/es/es/es/es/es/es/es/es/es/es/es/es/es/es/es/es/es/es/es/es/es//get_min_rental_days.2b6]
[cubarentacaronline.com/es/es/es/es/es/es/es/es/es/es/es/es/es/es/es/es/es/es/es/es/es/es/es/es/es/es/es/es/es/es/es/es/es/es/es/es/es/es/es/es/es/es/es/es/es/es/es/es/es/es/es/es//get_min_rental_days.2b1]
[cubarentacaronline.com/es/es/es/es/es/es/es/es/es/es/es/es/es/es/es/es/es/es/es/es/es/es/es/es/es/es/es/es/es/es/es/es/es/es/es/es/es/es/es/es/es/es/es/es/es/es/es/es/es/es/es/es//get_min_rental_days.2bb]
[cubarentacaronline.com/es/es/es/es/es/es/es/es/es/es/es/es/es/es/es/es/es/es/es/es/es/es/es/es/es/es/es/es/es/es/es/es/es/es/es/es/es/es/es/es/es/es/es/es/es/es/es/es/es/es/es/es//get_min_rental_days.2b6]
[cubarentacaronline.com/es/es/es/es/es/es/es/es/es/es/es/es/es/es/es/es/es/es/es/es/es/es/es/es/es/es/es/es/es/es/es/es/es/es/es/es/es/es/es/es/es/es/es/es/es/es/es/es/es/es/es/es//get_min_rental_days.2c0]
[cubarentacaronline.com/es/es/es/es/es/es/es/es/es/es/es/es/es/es/es/es/es/es/es/es/es/es/es/es/es/es/es/es/es/es/es/es/es/es/es/es/es/es/es/es/es/es/es/es/es/es/es/es/es/es/es/es//get_min_rental_days.2bb]
[cubarentacaronline.com/es/es/es/es/es/es/es/es/es/es/es/es/es/es/es/es/es/es/es/es/es/es/es/es/es/es/es/es/es/es/es/es/es/es/es/es/es/es/es/es/es/es/es/es/es/es/es/es/es/es/es/es//get_min_rental_days.2c5]
[cubarentacaronline.com/es/es/es/es/es/es/es/es/es/es/es/es/es/es/es/es/es/es/es/es/es/es/es/es/es/es/es/es/es/es/es/es/es/es/es/es/es/es/es/es/es/es/es/es/es/es/es/es/es/es/es/es//get_min_rental_days.2c0]
[cubarentacaronline.com/es/es/es/es/es/es/es/es/es/es/es/es/es/es/es/es/es/es/es/es/es/es/es/es/es/es/es/es/es/es/es/es/es/es/es/es/es/es/es/es/es/es/es/es/es/es/es/es/es/es/es/es//get_min_rental_days.2ca]
[cubarentacaronline.com/es/es/es/es/es/es/es/es/es/es/es/es/es/es/es/es/es/es/es/es/es/es/es/es/es/es/es/es/es/es/es/es/es/es/es/es/es/es/es/es/es/es/es/es/es/es/es/es/es/es/es/es//get_min_rental_days.2c5]
[cubarentacaronline.com/es/es/es/es/es/es/es/es/es/es/es/es/es/es/es/es/es/es/es/es/es/es/es/es/es/es/es/es/es/es/es/es/es/es/es/es/es/es/es/es/es/es/es/es/es/es/es/es/es/es/es/es//get_min_rental_days.2cf]
[cubarentacaronline.com/es/es/es/es/es/es/es/es/es/es/es/es/es/es/es/es/es/es/es/es/es/es/es/es/es/es/es/es/es/es/es/es/es/es/es/es/es/es/es/es/es/es/es/es/es/es/es/es/es/es/es/es//get_min_rental_days.2ca]
[cubarentacaronline.com/es/es/es/es/es/es/es/es/es/es/es/es/es/es/es/es/es/es/es/es/es/es/es/es/es/es/es/es/es/es/es/es/es/es/es/es/es/es/es/es/es/es/es/es/es/es/es/es/es/es/es/es//get_min_rental_days.2d4]
[cubarentacaronline.com/es/es/es/es/es/es/es/es/es/es/es/es/es/es/es/es/es/es/es/es/es/es/es/es/es/es/es/es/es/es/es/es/es/es/es/es/es/es/es/es/es/es/es/es/es/es/es/es/es/es/es/es//get_min_rental_days.2cf]
[cubarentacaronline.com/es/es/es/es/es/es/es/es/es/es/es/es/es/es/es/es/es/es/es/es/es/es/es/es/es/es/es/es/es/es/es/es/es/es/es/es/es/es/es/es/es/es/es/es/es/es/es/es/es/es/es/es//get_min_rental_days.2d9]
[cubarentacaronline.com/es/es/es/es/es/es/es/es/es/es/es/es/es/es/es/es/es/es/es/es/es/es/es/es/es/es/es/es/es/es/es/es/es/es/es/es/es/es/es/es/es/es/es/es/es/es/es/es/es/es/es/es//get_min_rental_days.2d4]
[cubarentacaronline.com/es/es/es/es/es/es/es/es/es/es/es/es/es/es/es/es/es/es/es/es/es/es/es/es/es/es/es/es/es/es/es/es/es/es/es/es/es/es/es/es/es/es/es/es/es/es/es/es/es/es/es/es//get_min_rental_days.2de]
[cubarentacaronline.com/es/es/es/es/es/es/es/es/es/es/es/es/es/es/es/es/es/es/es/es/es/es/es/es/es/es/es/es/es/es/es/es/es/es/es/es/es/es/es/es/es/es/es/es/es/es/es/es/es/es/es/es//get_min_rental_days.2d9]
[cubarentacaronline.com/es/es/es/es/es/es/es/es/es/es/es/es/es/es/es/es/es/es/es/es/es/es/es/es/es/es/es/es/es/es/es/es/es/es/es/es/es/es/es/es/es/es/es/es/es/es/es/es/es/es/es/es//get_min_rental_days.2e3]
[cubarentacaronline.com/es/es/es/es/es/es/es/es/es/es/es/es/es/es/es/es/es/es/es/es/es/es/es/es/es/es/es/es/es/es/es/es/es/es/es/es/es/es/es/es/es/es/es/es/es/es/es/es/es/es/es/es//get_min_rental_days.2de]
[cubarentacaronline.com/es/es/es/es/es/es/es/es/es/es/es/es/es/es/es/es/es/es/es/es/es/es/es/es/es/es/es/es/es/es/es/es/es/es/es/es/es/es/es/es/es/es/es/es/es/es/es/es/es/es/es/es//get_min_rental_days.2e8]
[cubarentacaronline.com/es/es/es/es/es/es/es/es/es/es/es/es/es/es/es/es/es/es/es/es/es/es/es/es/es/es/es/es/es/es/es/es/es/es/es/es/es/es/es/es/es/es/es/es/es/es/es/es/es/es/es/es//get_min_rental_days.2e3]
[cubarentacaronline.com/es/es/es/es/es/es/es/es/es/es/es/es/es/es/es/es/es/es/es/es/es/es/es/es/es/es/es/es/es/es/es/es/es/es/es/es/es/es/es/es/es/es/es/es/es/es/es/es/es/es/es/es//get_min_rental_days.2ed]
[cubarentacaronline.com/es/es/es/es/es/es/es/es/es/es/es/es/es/es/es/es/es/es/es/es/es/es/es/es/es/es/es/es/es/es/es/es/es/es/es/es/es/es/es/es/es/es/es/es/es/es/es/es/es/es/es/es//get_min_rental_days.2e8]
[cubarentacaronline.com/es/es/es/es/es/es/es/es/es/es/es/es/es/es/es/es/es/es/es/es/es/es/es/es/es/es/es/es/es/es/es/es/es/es/es/es/es/es/es/es/es/es/es/es/es/es/es/es/es/es/es/es//get_min_rental_days.2f2]
[cubarentacaronline.com/es/es/es/es/es/es/es/es/es/es/es/es/es/es/es/es/es/es/es/es/es/es/es/es/es/es/es/es/es/es/es/es/es/es/es/es/es/es/es/es/es/es/es/es/es/es/es/es/es/es/es/es//get_min_rental_days.2ed]
[cubarentacaronline.com/es/es/es/es/es/es/es/es/es/es/es/es/es/es/es/es/es/es/es/es/es/es/es/es/es/es/es/es/es/es/es/es/es/es/es/es/es/es/es/es/es/es/es/es/es/es/es/es/es/es/es/es//get_min_rental_days.2f7]
[cubarentacaronline.com/es/es/es/es/es/es/es/es/es/es/es/es/es/es/es/es/es/es/es/es/es/es/es/es/es/es/es/es/es/es/es/es/es/es/es/es/es/es/es/es/es/es/es/es/es/es/es/es/es/es/es/es//get_min_rental_days.2f2]
[cubarentacaronline.com/es/es/es/es/es/es/es/es/es/es/es/es/es/es/es/es/es/es/es/es/es/es/es/es/es/es/es/es/es/es/es/es/es/es/es/es/es/es/es/es/es/es/es/es/es/es/es/es/es/es/es/es//get_min_rental_days.2fc]
[cubarentacaronline.com/es/es/es/es/es/es/es/es/es/es/es/es/es/es/es/es/es/es/es/es/es/es/es/es/es/es/es/es/es/es/es/es/es/es/es/es/es/es/es/es/es/es/es/es/es/es/es/es/es/es/es/es//get_min_rental_days.2f7]
[cubarentacaronline.com/es/es/es/es/es/es/es/es/es/es/es/es/es/es/es/es/es/es/es/es/es/es/es/es/es/es/es/es/es/es/es/es/es/es/es/es/es/es/es/es/es/es/es/es/es/es/es/es/es/es/es/es//get_min_rental_days.301]
[cubarentacaronline.com/es/es/es/es/es/es/es/es/es/es/es/es/es/es/es/es/es/es/es/es/es/es/es/es/es/es/es/es/es/es/es/es/es/es/es/es/es/es/es/es/es/es/es/es/es/es/es/es/es/es/es/es//get_min_rental_days.2fc]
[cubarentacaronline.com/es/es/es/es/es/es/es/es/es/es/es/es/es/es/es/es/es/es/es/es/es/es/es/es/es/es/es/es/es/es/es/es/es/es/es/es/es/es/es/es/es/es/es/es/es/es/es/es/es/es/es/es//get_min_rental_days.306]
[cubarentacaronline.com/es/es/es/es/es/es/es/es/es/es/es/es/es/es/es/es/es/es/es/es/es/es/es/es/es/es/es/es/es/es/es/es/es/es/es/es/es/es/es/es/es/es/es/es/es/es/es/es/es/es/es/es//get_min_rental_days.301]
[cubarentacaronline.com/es/es/es/es/es/es/es/es/es/es/es/es/es/es/es/es/es/es/es/es/es/es/es/es/es/es/es/es/es/es/es/es/es/es/es/es/es/es/es/es/es/es/es/es/es/es/es/es/es/es/es/es//get_min_rental_days.30b]
[cubarentacaronline.com/es/es/es/es/es/es/es/es/es/es/es/es/es/es/es/es/es/es/es/es/es/es/es/es/es/es/es/es/es/es/es/es/es/es/es/es/es/es/es/es/es/es/es/es/es/es/es/es/es/es/es/es//get_min_rental_days.306]
[cubarentacaronline.com/es/es/es/es/es/es/es/es/es/es/es/es/es/es/es/es/es/es/es/es/es/es/es/es/es/es/es/es/es/es/es/es/es/es/es/es/es/es/es/es/es/es/es/es/es/es/es/es/es/es/es/es//get_min_rental_days.310]
[cubarentacaronline.com/es/es/es/es/es/es/es/es/es/es/es/es/es/es/es/es/es/es/es/es/es/es/es/es/es/es/es/es/es/es/es/es/es/es/es/es/es/es/es/es/es/es/es/es/es/es/es/es/es/es/es/es//get_min_rental_days.30b]
[cubarentacaronline.com/es/es/es/es/es/es/es/es/es/es/es/es/es/es/es/es/es/es/es/es/es/es/es/es/es/es/es/es/es/es/es/es/es/es/es/es/es/es/es/es/es/es/es/es/es/es/es/es/es/es/es/es//get_min_rental_days.315]
[cubarentacaronline.com/es/es/es/es/es/es/es/es/es/es/es/es/es/es/es/es/es/es/es/es/es/es/es/es/es/es/es/es/es/es/es/es/es/es/es/es/es/es/es/es/es/es/es/es/es/es/es/es/es/es/es/es//get_min_rental_days.310]
[cubarentacaronline.com/es/es/es/es/es/es/es/es/es/es/es/es/es/es/es/es/es/es/es/es/es/es/es/es/es/es/es/es/es/es/es/es/es/es/es/es/es/es/es/es/es/es/es/es/es/es/es/es/es/es/es/es//get_min_rental_days.31a]
[cubarentacaronline.com/es/es/es/es/es/es/es/es/es/es/es/es/es/es/es/es/es/es/es/es/es/es/es/es/es/es/es/es/es/es/es/es/es/es/es/es/es/es/es/es/es/es/es/es/es/es/es/es/es/es/es/es//get_min_rental_days.315]
[cubarentacaronline.com/es/es/es/es/es/es/es/es/es/es/es/es/es/es/es/es/es/es/es/es/es/es/es/es/es/es/es/es/es/es/es/es/es/es/es/es/es/es/es/es/es/es/es/es/es/es/es/es/es/es/es/es//get_min_rental_days.31f]
[cubarentacaronline.com/es/es/es/es/es/es/es/es/es/es/es/es/es/es/es/es/es/es/es/es/es/es/es/es/es/es/es/es/es/es/es/es/es/es/es/es/es/es/es/es/es/es/es/es/es/es/es/es/es/es/es/es//get_min_rental_days.31a]
[cubarentacaronline.com/es/es/es/es/es/es/es/es/es/es/es/es/es/es/es/es/es/es/es/es/es/es/es/es/es/es/es/es/es/es/es/es/es/es/es/es/es/es/es/es/es/es/es/es/es/es/es/es/es/es/es/es//get_min_rental_days.324]
[cubarentacaronline.com/es/es/es/es/es/es/es/es/es/es/es/es/es/es/es/es/es/es/es/es/es/es/es/es/es/es/es/es/es/es/es/es/es/es/es/es/es/es/es/es/es/es/es/es/es/es/es/es/es/es/es/es//get_min_rental_days.31f]
[cubarentacaronline.com/es/es/es/es/es/es/es/es/es/es/es/es/es/es/es/es/es/es/es/es/es/es/es/es/es/es/es/es/es/es/es/es/es/es/es/es/es/es/es/es/es/es/es/es/es/es/es/es/es/es/es/es//get_min_rental_days.329]
[cubarentacaronline.com/es/es/es/es/es/es/es/es/es/es/es/es/es/es/es/es/es/es/es/es/es/es/es/es/es/es/es/es/es/es/es/es/es/es/es/es/es/es/es/es/es/es/es/es/es/es/es/es/es/es/es/es//get_min_rental_days.324]
[cubarentacaronline.com/es/es/es/es/es/es/es/es/es/es/es/es/es/es/es/es/es/es/es/es/es/es/es/es/es/es/es/es/es/es/es/es/es/es/es/es/es/es/es/es/es/es/es/es/es/es/es/es/es/es/es/es//get_min_rental_days.32e]
[cubarentacaronline.com/es/es/es/es/es/es/es/es/es/es/es/es/es/es/es/es/es/es/es/es/es/es/es/es/es/es/es/es/es/es/es/es/es/es/es/es/es/es/es/es/es/es/es/es/es/es/es/es/es/es/es/es//get_min_rental_days.329]
[cubarentacaronline.com/es/es/es/es/es/es/es/es/es/es/es/es/es/es/es/es/es/es/es/es/es/es/es/es/es/es/es/es/es/es/es/es/es/es/es/es/es/es/es/es/es/es/es/es/es/es/es/es/es/es/es/es//get_min_rental_days.333]
[cubarentacaronline.com/es/es/es/es/es/es/es/es/es/es/es/es/es/es/es/es/es/es/es/es/es/es/es/es/es/es/es/es/es/es/es/es/es/es/es/es/es/es/es/es/es/es/es/es/es/es/es/es/es/es/es/es//get_min_rental_days.32e]
[cubarentacaronline.com/es/es/es/es/es/es/es/es/es/es/es/es/es/es/es/es/es/es/es/es/es/es/es/es/es/es/es/es/es/es/es/es/es/es/es/es/es/es/es/es/es/es/es/es/es/es/es/es/es/es/es/es//get_min_rental_days.338]
[cubarentacaronline.com/es/es/es/es/es/es/es/es/es/es/es/es/es/es/es/es/es/es/es/es/es/es/es/es/es/es/es/es/es/es/es/es/es/es/es/es/es/es/es/es/es/es/es/es/es/es/es/es/es/es/es/es//get_min_rental_days.333]
[cubarentacaronline.com/es/es/es/es/es/es/es/es/es/es/es/es/es/es/es/es/es/es/es/es/es/es/es/es/es/es/es/es/es/es/es/es/es/es/es/es/es/es/es/es/es/es/es/es/es/es/es/es/es/es/es/es//get_min_rental_days.33d]
[cubarentacaronline.com/es/es/es/es/es/es/es/es/es/es/es/es/es/es/es/es/es/es/es/es/es/es/es/es/es/es/es/es/es/es/es/es/es/es/es/es/es/es/es/es/es/es/es/es/es/es/es/es/es/es/es/es//get_min_rental_days.338]
[cubarentacaronline.com/es/es/es/es/es/es/es/es/es/es/es/es/es/es/es/es/es/es/es/es/es/es/es/es/es/es/es/es/es/es/es/es/es/es/es/es/es/es/es/es/es/es/es/es/es/es/es/es/es/es/es/es//get_min_rental_days.342]
[cubarentacaronline.com/es/es/es/es/es/es/es/es/es/es/es/es/es/es/es/es/es/es/es/es/es/es/es/es/es/es/es/es/es/es/es/es/es/es/es/es/es/es/es/es/es/es/es/es/es/es/es/es/es/es/es/es//get_min_rental_days.33d]
[cubarentacaronline.com/es/es/es/es/es/es/es/es/es/es/es/es/es/es/es/es/es/es/es/es/es/es/es/es/es/es/es/es/es/es/es/es/es/es/es/es/es/es/es/es/es/es/es/es/es/es/es/es/es/es/es/es//get_min_rental_days.347]
[cubarentacaronline.com/es/es/es/es/es/es/es/es/es/es/es/es/es/es/es/es/es/es/es/es/es/es/es/es/es/es/es/es/es/es/es/es/es/es/es/es/es/es/es/es/es/es/es/es/es/es/es/es/es/es/es/es//get_min_rental_days.342]
[cubarentacaronline.com/es/es/es/es/es/es/es/es/es/es/es/es/es/es/es/es/es/es/es/es/es/es/es/es/es/es/es/es/es/es/es/es/es/es/es/es/es/es/es/es/es/es/es/es/es/es/es/es/es/es/es/es//get_min_rental_days.34c]
[cubarentacaronline.com/es/es/es/es/es/es/es/es/es/es/es/es/es/es/es/es/es/es/es/es/es/es/es/es/es/es/es/es/es/es/es/es/es/es/es/es/es/es/es/es/es/es/es/es/es/es/es/es/es/es/es/es//get_min_rental_days.347]
[cubarentacaronline.com/es/es/es/es/es/es/es/es/es/es/es/es/es/es/es/es/es/es/es/es/es/es/es/es/es/es/es/es/es/es/es/es/es/es/es/es/es/es/es/es/es/es/es/es/es/es/es/es/es/es/es/es//get_min_rental_days.351]
[cubarentacaronline.com/es/es/es/es/es/es/es/es/es/es/es/es/es/es/es/es/es/es/es/es/es/es/es/es/es/es/es/es/es/es/es/es/es/es/es/es/es/es/es/es/es/es/es/es/es/es/es/es/es/es/es/es//get_min_rental_days.34c]
[cubarentacaronline.com/es/es/es/es/es/es/es/es/es/es/es/es/es/es/es/es/es/es/es/es/es/es/es/es/es/es/es/es/es/es/es/es/es/es/es/es/es/es/es/es/es/es/es/es/es/es/es/es/es/es/es/es//get_min_rental_days.356]
[cubarentacaronline.com/es/es/es/es/es/es/es/es/es/es/es/es/es/es/es/es/es/es/es/es/es/es/es/es/es/es/es/es/es/es/es/es/es/es/es/es/es/es/es/es/es/es/es/es/es/es/es/es/es/es/es/es//get_min_rental_days.351]
[cubarentacaronline.com/es/es/es/es/es/es/es/es/es/es/es/es/es/es/es/es/es/es/es/es/es/es/es/es/es/es/es/es/es/es/es/es/es/es/es/es/es/es/es/es/es/es/es/es/es/es/es/es/es/es/es/es//get_min_rental_days.35b]
[cubarentacaronline.com/es/es/es/es/es/es/es/es/es/es/es/es/es/es/es/es/es/es/es/es/es/es/es/es/es/es/es/es/es/es/es/es/es/es/es/es/es/es/es/es/es/es/es/es/es/es/es/es/es/es/es/es//get_min_rental_days.356]
[cubarentacaronline.com/es/es/es/es/es/es/es/es/es/es/es/es/es/es/es/es/es/es/es/es/es/es/es/es/es/es/es/es/es/es/es/es/es/es/es/es/es/es/es/es/es/es/es/es/es/es/es/es/es/es/es/es//get_min_rental_days.360]
[cubarentacaronline.com/es/es/es/es/es/es/es/es/es/es/es/es/es/es/es/es/es/es/es/es/es/es/es/es/es/es/es/es/es/es/es/es/es/es/es/es/es/es/es/es/es/es/es/es/es/es/es/es/es/es/es/es//get_min_rental_days.35b]
[cubarentacaronline.com/es/es/es/es/es/es/es/es/es/es/es/es/es/es/es/es/es/es/es/es/es/es/es/es/es/es/es/es/es/es/es/es/es/es/es/es/es/es/es/es/es/es/es/es/es/es/es/es/es/es/es/es//get_min_rental_days.365]
[cubarentacaronline.com/es/es/es/es/es/es/es/es/es/es/es/es/es/es/es/es/es/es/es/es/es/es/es/es/es/es/es/es/es/es/es/es/es/es/es/es/es/es/es/es/es/es/es/es/es/es/es/es/es/es/es/es//get_min_rental_days.360]
[cubarentacaronline.com/es/es/es/es/es/es/es/es/es/es/es/es/es/es/es/es/es/es/es/es/es/es/es/es/es/es/es/es/es/es/es/es/es/es/es/es/es/es/es/es/es/es/es/es/es/es/es/es/es/es/es/es//get_min_rental_days.36a]
[cubarentacaronline.com/es/es/es/es/es/es/es/es/es/es/es/es/es/es/es/es/es/es/es/es/es/es/es/es/es/es/es/es/es/es/es/es/es/es/es/es/es/es/es/es/es/es/es/es/es/es/es/es/es/es/es/es//get_min_rental_days.365]
[cubarentacaronline.com/es/es/es/es/es/es/es/es/es/es/es/es/es/es/es/es/es/es/es/es/es/es/es/es/es/es/es/es/es/es/es/es/es/es/es/es/es/es/es/es/es/es/es/es/es/es/es/es/es/es/es/es//get_min_rental_days.36f]
[cubarentacaronline.com/es/es/es/es/es/es/es/es/es/es/es/es/es/es/es/es/es/es/es/es/es/es/es/es/es/es/es/es/es/es/es/es/es/es/es/es/es/es/es/es/es/es/es/es/es/es/es/es/es/es/es/es//get_min_rental_days.36a]
[cubarentacaronline.com/es/es/es/es/es/es/es/es/es/es/es/es/es/es/es/es/es/es/es/es/es/es/es/es/es/es/es/es/es/es/es/es/es/es/es/es/es/es/es/es/es/es/es/es/es/es/es/es/es/es/es/es//get_min_rental_days.374]
[cubarentacaronline.com/es/es/es/es/es/es/es/es/es/es/es/es/es/es/es/es/es/es/es/es/es/es/es/es/es/es/es/es/es/es/es/es/es/es/es/es/es/es/es/es/es/es/es/es/es/es/es/es/es/es/es/es//get_min_rental_days.36f]
[cubarentacaronline.com/es/es/es/es/es/es/es/es/es/es/es/es/es/es/es/es/es/es/es/es/es/es/es/es/es/es/es/es/es/es/es/es/es/es/es/es/es/es/es/es/es/es/es/es/es/es/es/es/es/es/es/es//get_min_rental_days.379]
[cubarentacaronline.com/es/es/es/es/es/es/es/es/es/es/es/es/es/es/es/es/es/es/es/es/es/es/es/es/es/es/es/es/es/es/es/es/es/es/es/es/es/es/es/es/es/es/es/es/es/es/es/es/es/es/es/es//get_min_rental_days.374]
[cubarentacaronline.com/es/es/es/es/es/es/es/es/es/es/es/es/es/es/es/es/es/es/es/es/es/es/es/es/es/es/es/es/es/es/es/es/es/es/es/es/es/es/es/es/es/es/es/es/es/es/es/es/es/es/es/es//get_min_rental_days.37e]
[cubarentacaronline.com/es/es/es/es/es/es/es/es/es/es/es/es/es/es/es/es/es/es/es/es/es/es/es/es/es/es/es/es/es/es/es/es/es/es/es/es/es/es/es/es/es/es/es/es/es/es/es/es/es/es/es/es//get_min_rental_days.379]
[cubarentacaronline.com/es/es/es/es/es/es/es/es/es/es/es/es/es/es/es/es/es/es/es/es/es/es/es/es/es/es/es/es/es/es/es/es/es/es/es/es/es/es/es/es/es/es/es/es/es/es/es/es/es/es/es/es//get_min_rental_days.383]
[cubarentacaronline.com/es/es/es/es/es/es/es/es/es/es/es/es/es/es/es/es/es/es/es/es/es/es/es/es/es/es/es/es/es/es/es/es/es/es/es/es/es/es/es/es/es/es/es/es/es/es/es/es/es/es/es/es//get_min_rental_days.37e]
[cubarentacaronline.com/es/es/es/es/es/es/es/es/es/es/es/es/es/es/es/es/es/es/es/es/es/es/es/es/es/es/es/es/es/es/es/es/es/es/es/es/es/es/es/es/es/es/es/es/es/es/es/es/es/es/es/es//get_min_rental_days.388]
[cubarentacaronline.com/es/es/es/es/es/es/es/es/es/es/es/es/es/es/es/es/es/es/es/es/es/es/es/es/es/es/es/es/es/es/es/es/es/es/es/es/es/es/es/es/es/es/es/es/es/es/es/es/es/es/es/es//get_min_rental_days.383]
[cubarentacaronline.com/es/es/es/es/es/es/es/es/es/es/es/es/es/es/es/es/es/es/es/es/es/es/es/es/es/es/es/es/es/es/es/es/es/es/es/es/es/es/es/es/es/es/es/es/es/es/es/es/es/es/es/es//get_min_rental_days.38d]
[cubarentacaronline.com/es/es/es/es/es/es/es/es/es/es/es/es/es/es/es/es/es/es/es/es/es/es/es/es/es/es/es/es/es/es/es/es/es/es/es/es/es/es/es/es/es/es/es/es/es/es/es/es/es/es/es/es//get_min_rental_days.388]
[cubarentacaronline.com/es/es/es/es/es/es/es/es/es/es/es/es/es/es/es/es/es/es/es/es/es/es/es/es/es/es/es/es/es/es/es/es/es/es/es/es/es/es/es/es/es/es/es/es/es/es/es/es/es/es/es/es//get_min_rental_days.392]
[cubarentacaronline.com/es/es/es/es/es/es/es/es/es/es/es/es/es/es/es/es/es/es/es/es/es/es/es/es/es/es/es/es/es/es/es/es/es/es/es/es/es/es/es/es/es/es/es/es/es/es/es/es/es/es/es/es//get_min_rental_days.38d]
[cubarentacaronline.com/es/es/es/es/es/es/es/es/es/es/es/es/es/es/es/es/es/es/es/es/es/es/es/es/es/es/es/es/es/es/es/es/es/es/es/es/es/es/es/es/es/es/es/es/es/es/es/es/es/es/es/es//get_min_rental_days.397]
[cubarentacaronline.com/es/es/es/es/es/es/es/es/es/es/es/es/es/es/es/es/es/es/es/es/es/es/es/es/es/es/es/es/es/es/es/es/es/es/es/es/es/es/es/es/es/es/es/es/es/es/es/es/es/es/es/es//get_min_rental_days.392]
[cubarentacaronline.com/es/es/es/es/es/es/es/es/es/es/es/es/es/es/es/es/es/es/es/es/es/es/es/es/es/es/es/es/es/es/es/es/es/es/es/es/es/es/es/es/es/es/es/es/es/es/es/es/es/es/es/es//get_min_rental_days.39c]
[cubarentacaronline.com/es/es/es/es/es/es/es/es/es/es/es/es/es/es/es/es/es/es/es/es/es/es/es/es/es/es/es/es/es/es/es/es/es/es/es/es/es/es/es/es/es/es/es/es/es/es/es/es/es/es/es/es//get_min_rental_days.397]
[cubarentacaronline.com/es/es/es/es/es/es/es/es/es/es/es/es/es/es/es/es/es/es/es/es/es/es/es/es/es/es/es/es/es/es/es/es/es/es/es/es/es/es/es/es/es/es/es/es/es/es/es/es/es/es/es/es//get_min_rental_days.39c]
